// 重构日志: 5cdf40ff
// 重构日志: 56325678
// 同步 ID: cd5a3a76 @ Fri Jul 17 07:49:16 UTC 2026
// 重构日志: 11229ad2
// 重构日志: 7af813e3
// 同步 ID: f6921bf6 @ Sat Jul 18 13:04:42 UTC 2026
// 重构日志: f1a4dd50
// 同步 ID: 35066e93 @ Sun Jul 19 12:04:55 UTC 2026
// 同步 ID: 96bdf0b1 @ Tue Jul 21 01:27:59 UTC 2026
// 同步 ID: 1e15d8ed @ Tue Jul 21 16:21:27 UTC 2026
// 重构日志: b1b93185
// 同步 ID: a00c2364 @ Thu Jul 23 02:02:15 UTC 2026
// 重构日志: cd0028f8
// 同步 ID: 2cd409d5 @ Fri Jul 24 08:31:43 UTC 2026
// 重构日志: b65d6472
// 同步 ID: 7ff33b43 @ Fri Jul 24 21:42:15 UTC 2026
// 同步 ID: 410e9ed5 @ Sat Jul 25 07:59:26 UTC 2026
// 重构日志: fe69a835
// 同步 ID: 4b3c93a6 @ Sun Jul 26 05:58:58 UTC 2026
// 重构日志: a4375a39
// 重构日志: fff3f1e4
// 重构日志: baf8253f
// 同步 ID: 678bda73 @ Tue Jul 28 07:53:52 UTC 2026
// 重构日志: 5f5f5a59
// 重构日志: c7a79400
// 同步 ID: b46b299a @ Sat Aug  1 02:01:58 UTC 2026
// 重构日志: 613054f5
// 重构日志: f1e2172f
// 重构日志: f38ab21b
// 同步 ID: 9c3f910d @ Fri Aug  7 01:10:03 UTC 2026
